(tars_venv) tarsadmin@tarspi:~/tars_files $ python3 /home/tarsadmin/tars_files/core/tars_core.py
✅ Backend GPIO configurado: lgpio
2025-08-03 18:11:28,817 - modules.semantic_engine - INFO - 🧠 Motor semántico inicializado con modelo en: /home/tarsadmin/tars_files/ai_models/sentence_transformers/all-MiniLM-L6-v2
2025-08-03 18:11:32,801 - modules.semantic_engine - INFO - 📂 Cargando modelo desde: /home/tarsadmin/tars_files/ai_models/sentence_transformers/all-MiniLM-L6-v2
2025-08-03 18:11:32,801 - sentence_transformers.SentenceTransformer - INFO - Use pytorch device_name: cpu
2025-08-03 18:11:32,801 - sentence_transformers.SentenceTransformer - INFO - Load pretrained SentenceTransformer: /home/tarsadmin/tars_files/ai_models/sentence_transformers/all-MiniLM-L6-v2
2025-08-03 18:11:33,109 - modules.semantic_engine - INFO - ✅ Modelo cargado correctamente
Batches: 100%|█████████████████████████████████████████████████████████████████████████████████████████████████████████████████████████████████████████████████████████████████████████████████████████████████| 1/1 [00:00<00:00,  4.75it/s]
2025-08-03 18:11:33,323 - modules.semantic_engine - INFO - 🧪 Test de inferencia exitoso: vector de dimensión 384
2025-08-03 18:11:33,323 - memory.semantic_storage - INFO - Almacenamiento semántico inicializado en: /home/tarsadmin/tars_files/memory/embeddings_preferencias.npz
2025-08-03 18:11:33,327 - memory.semantic_storage - INFO - Cargados 8 embeddings desde /home/tarsadmin/tars_files/memory/embeddings_preferencias.npz
✅ No hay conflictos detectados
📌 Liberando GPIOs...
✅ Limpieza manual completada
🧹 Recursos limpiados
2025-08-03 18:11:33,348 - modules.preferences_manager - INFO - Afinidades de TARS cargadas: 5 total
2025-08-03 18:11:33,348 - modules.preferences_manager - INFO -    ✨ Entusiasmo (nivel 2+): 2
2025-08-03 18:11:33,348 - modules.preferences_manager - INFO -    😐 Neutro (nivel 0-1): 0
2025-08-03 18:11:33,349 - modules.preferences_manager - INFO -    🙄 Sarcasmo (nivel <0): 3
2025-08-03 18:11:33,349 - modules.preferences_manager - INFO - Gestor de preferencias inicializado con 5 afinidades
2025-08-03 18:11:33,364 - TARS.emotion - INFO - ✅ Cargado sarcasmo: 11 temas, 8 patrones, 9 keywords
2025-08-03 18:11:33,373 - TARS.emotion - INFO - ✅ Cargado empatia: 7 temas, 5 patrones, 5 keywords
2025-08-03 18:11:33,381 - TARS.emotion - INFO - ✅ Cargado legacy: 7 temas, 4 patrones, 7 keywords
2025-08-03 18:11:33,383 - TARS - INFO - ✅ Estado emocional inicial: sarcasmo: 85%, empatia: 10%, legacy: 40%
2025-08-03 18:11:33,389 - TARS.LED - INFO - ✅ LED 'azul' inicializado en GPIO17
2025-08-03 18:11:33,391 - TARS.LED - INFO - ✅ LED 'rojo' inicializado en GPIO27
2025-08-03 18:11:33,393 - TARS.LED - INFO - ✅ LED 'verde' inicializado en GPIO22
2025-08-03 18:11:33,395 - TARS.LED - INFO - ✅ Power LED inicializado en GPIO13
2025-08-03 18:11:33,397 - TARS.LED - INFO - 💡 Power LED: ON
🔒 TARS OLED lock adquirido
✅ OLED: SSH1106 inicializada correctamente con control I2C directo
2025-08-03 18:11:34,460 - TARS - INFO - Detector de intenciones inicializado
2025-08-03 18:11:34,460 - TARS.TTS - INFO - 🎛️ Filtro de radio activado: banda=[200, 3500], ruido=True, compresión=True, efecto_mando=False, ganancia=0.0dB
2025-08-03 18:11:34,461 - TARS - INFO - ✅ Cargando modelo desde ai_models/phi3/Phi-3.5-mini-instruct-Q4_K_M.gguf...
llama_init_from_model: n_ctx_per_seq (160) < n_ctx_train (131072) -- the full capacity of the model will not be utilized
2025-08-03 18:11:43,050 - TARS - INFO - ✅ Modelo cargado en 8.59 segundos
2025-08-03 18:11:43,056 - TARS - INFO - 📊 Preferencias recuperadas para global: 15
2025-08-03 18:11:43,057 - TARS - INFO - 🧠 Preferencias cargadas al inicio: 13 gustos, 2 disgustos
2025-08-03 18:11:43,168 - VOICE_ID - INFO - 🔧 Inicializando Voice Identity System...
Loaded the voice encoder model on cpu in 0.18 seconds.
2025-08-03 18:11:43,363 - VOICE_ID - INFO - 🔧 Configuración cargada: {'identification_threshold': 0.6, 'min_samples': 3, 'max_distance_between_samples': 0.35, 'safe_mode': True, 'db_path': 'data/identity/voice_embeddings.json', 'duplicate_threshold': 0.95, '_info': 'Configuración específica para VoiceIdentitySystem - Este archivo es SOLO para debugging', '_purpose': 'Usado por el sistema debug de voice_id y herramientas de desarrollo', '_main_config': 'La configuración principal está en settings.json', 'min_volume': 0.01, 'min_duration': 0.5}
2025-08-03 18:11:43,364 - VOICE_ID - INFO - 🔧 Base de datos cargada: 1 usuarios
2025-08-03 18:11:43,364 - VOICE_ID - INFO - ✅ Voice Identity System inicializado correctamente
2025-08-03 18:11:43,364 - TARS - INFO - 🔍 VoiceIdentitySystem tardó: 0.20s
2025-08-03 18:11:43,364 - TARS - INFO - ✅ Sistema de identificación por voz activado
2025-08-03 18:11:43,364 - TARS - INFO - 📊 Usuarios registrados: 1
2025-08-03 18:11:43,364 - TARS.BRAIN - INFO - 🧠 TARSBrain iniciado - simple=False, forzado=False
2025-08-03 18:11:43,364 - TARS - INFO - 🔌 Inicializando sistema de plugins...
2025-08-03 18:11:43,365 - TARS.PluginSystem - INFO - 📋 Configuración de plugins cargada correctamente
2025-08-03 18:11:43,365 - TARS.PluginSystem - INFO - ✅ Plugins habilitados: mobility, presence, homeassistant, time, reminder
2025-08-03 18:11:43,365 - TARS.PluginSystem - INFO - 🔌 Sistema de plugins inicializado
2025-08-03 18:11:43,365 - TARS.PluginSystem - INFO - 🚀 Inicializando 5 plugins en orden: ['mobility', 'presence', 'reminder', 'time', 'homeassistant']
🚨 MOBILITY: Inicializando MobilityPlugin
🚨 MOBILITY: Llamando a _init_mobility_controller
2025-08-03 18:11:43,366 - TARS.Mobility - INFO - ✅ Config cargado: enabled=True
2025-08-03 18:11:43,366 - TARS.Mobility - INFO - ✅ GPIO inicializado
2025-08-03 18:11:43,366 - TARS.Mobility - INFO - ✅ Motores inicializados
2025-08-03 18:11:43,366 - TARS.MobilityPlugin - INFO - ✅ MobilityController inicializado
🚨 MOBILITY: Controller creado: <modules.mobility_controller.MobilityController object at 0x7fff14c63370>
🚨 MOBILITY: Controller enabled: True
2025-08-03 18:11:43,366 - TARS.PluginSystem - INFO - 🤖 Plugin Mobility inicializado
🔍 PRESENCE_PLUGIN: Entrando en initialize() [SMART VERSION]
🔍 PRESENCE_PLUGIN: Import exitoso
2025-08-03 18:11:43,368 - modules.presence_controller - INFO - Configuración de presencia cargada desde config/presence_config.json
🔍 PRESENCE_PLUGIN: PresenceController creado (sin mobility)
2025-08-03 18:11:43,368 - modules.presence_controller - INFO - 🤝 Integración tardía con MobilityController establecida
2025-08-03 18:11:43,368 - modules.presence_controller - INFO - ✅ PresenceController ahora puede orientarse físicamente
2025-08-03 18:11:43,368 - TARS.PresencePlugin - INFO - 🤝 Smart Integration: MobilityController integrado exitosamente
🔍 PRESENCE_PLUGIN: Llamando controller.initialize()...
2025-08-03 18:11:43,368 - modules.presence_controller - INFO - PIR front: GPIO 16 configurado para polling
2025-08-03 18:11:43,368 - modules.presence_controller - INFO - PIR front: Polling iniciado
2025-08-03 18:11:43,368 - modules.presence_controller - INFO - ✅ Sensor PIR 'front' configurado en GPIO 16
2025-08-03 18:11:43,368 - modules.presence_controller - INFO - PIR back: GPIO 26 configurado para polling
2025-08-03 18:11:43,368 - modules.presence_controller - INFO - PIR back: Polling iniciado
2025-08-03 18:11:43,368 - modules.presence_controller - INFO - ✅ Sensor PIR 'back' configurado en GPIO 26
2025-08-03 18:11:43,368 - modules.presence_controller - INFO - PIR left: GPIO 19 configurado para polling
2025-08-03 18:11:43,369 - modules.presence_controller - INFO - PIR left: Polling iniciado
2025-08-03 18:11:43,369 - modules.presence_controller - INFO - ✅ Sensor PIR 'left' configurado en GPIO 19
2025-08-03 18:11:43,369 - modules.presence_controller - INFO - PIR right: GPIO 20 configurado para polling
2025-08-03 18:11:43,369 - modules.presence_controller - INFO - PIR right: Polling iniciado
2025-08-03 18:11:43,369 - modules.presence_controller - INFO - ✅ Sensor PIR 'right' configurado en GPIO 20
2025-08-03 18:11:43,369 - modules.presence_controller - INFO - 🤝 Usando MobilityController externo (Smart Integration)
2025-08-03 18:11:43,369 - modules.presence_controller - INFO - 🎯 Sistema de presencia inicializado correctamente
🔍 PRESENCE_PLUGIN: controller.initialize() = True
2025-08-03 18:11:43,369 - TARS.PresencePlugin - INFO - 🎯 Plugin de presencia inicializado correctamente (CON mobility)
2025-08-03 18:11:43,369 - TARS.PluginSystem - INFO - 🎯 Plugin Presence inicializado correctamente
2025-08-03 18:11:43,369 - TARS.PluginSystem - WARNING - ⚠️ SchedulerPlugin no encontrado, creando uno básico
2025-08-03 18:11:43,369 - TARS.SchedulerPlugin - INFO - 🐛 CONSTRUCTOR DEBUG: plugin_system recibido: True
2025-08-03 18:11:43,369 - TARS.SchedulerPlugin - INFO - 🐛 CONSTRUCTOR DEBUG: tipo plugin_system: <class 'services.plugin_system.PluginSystem'>
2025-08-03 18:11:43,369 - TARS.SchedulerPlugin - INFO - 🐛 CONSTRUCTOR DEBUG: self.plugin_system asignado: True
2025-08-03 18:11:43,370 - TARS.SchedulerPlugin - INFO - 📂 Cargados 77 trabajos existentes
2025-08-03 18:11:43,370 - TARS.SchedulerPlugin - INFO - 🗓️ SchedulerPlugin básico inicializado
2025-08-03 18:11:43,370 - TARS.PluginSystem - INFO - ✅ SchedulerPlugin básico creado
2025-08-03 18:11:43,370 - TARS.ReminderParser - WARNING - No se pudo configurar el locale en español
2025-08-03 18:11:43,370 - TARS.ReminderParser - INFO - 🗓️ ReminderParser inicializado
2025-08-03 18:11:43,371 - TARS.ReminderPlugin - INFO - 🗓️ ReminderPlugin inicializado
2025-08-03 18:11:43,371 - TARS.PluginSystem - INFO - 🗓️ Plugin Reminder inicializado
2025-08-03 18:11:43,371 - TARS.TimePlugin - INFO - 🕐 TimePlugin inicializado
2025-08-03 18:11:43,372 - TARS.PluginSystem - INFO - 🕐 Plugin Time inicializado
2025-08-03 18:11:43,373 - TARS.HomeAssistantPlugin - INFO - 📄 Cargando configuración desde: /home/tarsadmin/tars_files/config/user_devices.json
2025-08-03 18:11:43,374 - TARS.HomeAssistantPlugin - INFO - ✅ Cargados 21 dispositivos desde JSON
2025-08-03 18:11:43,374 - TARS.HomeAssistantPlugin - INFO - ✅ Cargadas 11 ubicaciones desde JSON
2025-08-03 18:11:43,374 - TARS.HomeAssistantPlugin - INFO - 🔧 Generando mapeos automáticos desde configuración cargada...
2025-08-03 18:11:43,374 - TARS.HomeAssistantPlugin - INFO - ✅ Mapeos generados: 41 nombres → 21 dispositivos únicos
2025-08-03 18:11:43,374 - TARS.HomeAssistantPlugin - INFO - Plugin Home Assistant inicializado: 192.168.50.112:8084
2025-08-03 18:11:43,374 - TARS.HomeAssistantPlugin - INFO - 📊 Dispositivos cargados: 41
2025-08-03 18:11:43,374 - TARS.HomeAssistantPlugin - INFO - 📍 Ubicaciones configuradas: 11
2025-08-03 18:11:43,374 - TARS.PluginSystem - INFO - 🏠 Plugin HomeAssistant inicializado
2025-08-03 18:11:43,374 - TARS - INFO - ✅ Sistema de plugins inicializado correctamente
2025-08-03 18:11:43,374 - TARS.SchedulerPlugin - INFO - 🐛 CONSTRUCTOR DEBUG: plugin_system recibido: True
2025-08-03 18:11:43,374 - TARS.SchedulerPlugin - INFO - 🐛 CONSTRUCTOR DEBUG: tipo plugin_system: <class 'services.plugin_system.PluginSystem'>
2025-08-03 18:11:43,374 - TARS.SchedulerPlugin - INFO - 🐛 CONSTRUCTOR DEBUG: self.plugin_system asignado: True
2025-08-03 18:11:43,374 - TARS.SchedulerPlugin - INFO - 📂 Cargados 77 trabajos existentes
2025-08-03 18:11:43,375 - TARS.SchedulerPlugin - INFO - 🗓️ SchedulerPlugin básico inicializado
2025-08-03 18:11:43,375 - TARS - INFO - ✅ SchedulerPlugin inicializado
2025-08-03 18:11:43,375 - TARS - INFO - ✅ TARS inicializado en 8.91 segundos
2025-08-03 18:11:47,379 - TARS - INFO - 🔵 LEDs: Parpadeo azul de confirmación
¿Usar entrada por voz? (S): s

🎤 Dispositivos de audio disponibles:
  [0] USB Audio Device: - (hw:0,0) - 44100Hz
  [1] sysdefault - 48000Hz
  [5] spdif - 44100Hz
  [6] default - 48000Hz
✅ Seleccionado automáticamente: [0] USB Audio Device: - (hw:0,0)
⚠️ Dispositivo no admite 16000 Hz, usando 44100 Hz con resampling
LOG (VoskAPI:ReadDataFiles():model.cc:213) Decoding params beam=13 max-active=7000 lattice-beam=6
LOG (VoskAPI:ReadDataFiles():model.cc:216) Silence phones 1:2:3:4:5:6:7:8:9:10
LOG (VoskAPI:RemoveOrphanNodes():nnet-nnet.cc:948) Removed 0 orphan nodes.
LOG (VoskAPI:RemoveOrphanComponents():nnet-nnet.cc:847) Removing 0 orphan components.
LOG (VoskAPI:ReadDataFiles():model.cc:248) Loading i-vector extractor from ai_models/vosk/model/ivector/final.ie
LOG (VoskAPI:ComputeDerivedVars():ivector-extractor.cc:183) Computing derived variables for iVector extractor
LOG (VoskAPI:ComputeDerivedVars():ivector-extractor.cc:204) Done.
LOG (VoskAPI:ReadDataFiles():model.cc:279) Loading HCLG from ai_models/vosk/model/graph/HCLG.fst
LOG (VoskAPI:ReadDataFiles():model.cc:297) Loading words from ai_models/vosk/model/graph/words.txt
LOG (VoskAPI:ReadDataFiles():model.cc:308) Loading winfo ai_models/vosk/model/graph/phones/word_boundary.int
LOG (VoskAPI:ReadDataFiles():model.cc:315) Loading subtract G.fst model from ai_models/vosk/model/rescore/G.fst
LOG (VoskAPI:ReadDataFiles():model.cc:317) Loading CARPA model from ai_models/vosk/model/rescore/G.carpa
LOG (VoskAPI:ReadDataFiles():model.cc:323) Loading RNNLM model from ai_models/vosk/model/rnnlm/final.raw
✅ Modelo de voz cargado desde ai_models/vosk/model
✅ Reset automático configurado cada 25 segundos
✅ Configurado resampling de 44100Hz a 16000Hz
✅ Reset configurado: 25s, LED: True
2025-08-03 18:12:20,187 - TARS - INFO - ✅ SpeechListener inicializado correctamente
2025-08-03 18:12:20,187 - TARS - INFO - 🔗 SpeechListener conectado a TARS para voice_id

🎤 Di 'oye tars' para comenzar (Ctrl+C para salir)

🎤 Escuchando... Di 'oye TARS' o algo parecido
🎤 VOZ FUERTE DETECTADA - timer iniciado (RMS: 417.1)
🔥 WAKEWORD DETECTADO en 2354.1ms desde inicio de voz
🗣️ Escuchado: tags
🔥 Wakeword detectada por coincidencia difusa (MODO COMPLETO)
🔍 DEBUG Wakeword RMS: 250.890228
🔍 DEBUG Wakeword samples: 253952
💾 Audio del wakeword guardado: temp/last_wakeword.wav (184274 bytes)
⏱️ TIEMPO TOTAL (usuario habla → wakeword detectada): 4.65s
2025-08-03 18:12:27,985 - TARS - INFO - 🔍 DEBUG voice_id_system: True - True
2025-08-03 18:12:27,986 - TARS - INFO - 🔍 DEBUG speech_listener: True
2025-08-03 18:12:27,986 - TARS - INFO - 🔍 DEBUG last_audio_path: True - temp/last_wakeword.wav
2025-08-03 18:12:27,986 - TARS - INFO - 🔇 Identificación de voz desactivada por configuración
2025-08-03 18:12:27,987 - TARS - INFO - ➡️ Reproduciendo fragmento: 'Sí, dime.'
2025-08-03 18:12:27,987 - TARS.TTS - INFO - 🎚️ AudioEffects: ON (wide_chorus)
2025-08-03 18:12:27,988 - TARS.TTS - INFO - 🗣️ Generando voz: 'Sí, dime.'
2025-08-03 18:12:29,330 - TARS.TTS - INFO - 🎛️ Aplicando Filtro de radio estándar [banda: 200-3500Hz]...
2025-08-03 18:12:29,352 - TARS.RadioFilter - INFO - 🕒 Tiempo de procesamiento de filtro Mandaloriano: 0.021s
2025-08-03 18:12:29,361 - TARS.TTS - INFO - 🎚️ Aplicando audio effects: wide_chorus
2025-08-03 18:12:29,362 - TARS.AudioEffects - INFO - 🎚️ Audio Effects (calidad): wide_chorus
2025-08-03 18:12:29,519 - TARS.AudioEffects - INFO - ✅ Audio effects (wide_chorus) aplicados en 0.157s
2025-08-03 18:12:30,577 - TARS.TTS - INFO - 🔊 Reproducción completada
⏱️ Wakeword reconocida en 4.49s
🎤 Ahora puedes hablar...
🎤 Escuchando tu pregunta...
[VOSK] Texto detectado: 'gracias' (confianza: 1.00)
🗣️ Entendido: gracias
2025-08-03 18:12:37,361 - TARS - INFO - ➡️ Reproduciendo fragmento: 'Estes el camino'
2025-08-03 18:12:37,361 - TARS.TTS - INFO - 🎚️ AudioEffects: ON (wide_chorus)
2025-08-03 18:12:37,361 - TARS.TTS - INFO - 🗣️ Generando voz: 'Estes el camino'
2025-08-03 18:12:37,959 - TARS.TTS - INFO - 🎛️ Aplicando Filtro de radio estándar [banda: 200-3500Hz]...
2025-08-03 18:12:37,975 - TARS.RadioFilter - INFO - 🕒 Tiempo de procesamiento de filtro Mandaloriano: 0.015s
2025-08-03 18:12:37,983 - TARS.TTS - INFO - 🎚️ Aplicando audio effects: wide_chorus
2025-08-03 18:12:37,984 - TARS.AudioEffects - INFO - 🎚️ Audio Effects (calidad): wide_chorus
2025-08-03 18:12:38,161 - TARS.AudioEffects - INFO - ✅ Audio effects (wide_chorus) aplicados en 0.177s
2025-08-03 18:12:39,593 - TARS.TTS - INFO - 🔊 Reproducción completada
👋 Se ha detectado cierre de interacción
🎤 Escuchando... Di 'oye TARS' o algo parecido
^C
🚨 Señal 2 recibida - Apagando LED y saliendo...
2025-08-03 18:12:45,238 - modules.presence_controller - INFO - 🚶 PIR right: POLLING DETECTÓ MOVIMIENTO
2025-08-03 18:12:45,238 - modules.presence_controller - INFO - 🎯 Movimiento detectado en posición: right
2025-08-03 18:12:45,406 - modules.presence_controller - INFO - 🚶 PIR left: POLLING DETECTÓ MOVIMIENTO
✅ OLED: Pantalla limpiada
🔓 TARS OLED lock liberado
🖥️ OLED limpiada
🕐 Iniciando reloj OLED...
2025-08-03 18:12:45,738 - modules.presence_controller - INFO - 🔍 Modo vigilancia pasiva: orientando hacia right
2025-08-03 18:12:45,739 - modules.presence_controller - INFO - 🔄 Ejecutando orientación hacia right (sutil) - 0.5s
2025-08-03 18:12:45,739 - modules.presence_controller - INFO - 🔄 Ejecutando turn_right()
2025-08-03 18:12:45,739 - TARS.Mobility - INFO - 🤖 Girando derecha → 0.5s
2025-08-03 18:12:46,239 - TARS.Mobility - INFO - 🤖 Deteniendo motores
2025-08-03 18:12:46,239 - modules.presence_controller - INFO - ✅ Orientación hacia right completada
2025-08-03 18:12:47,158 - TARS.LED - INFO - 🔴 Power LED: OFF
🔴 LED power apagado
2025-08-03 18:12:47,161 - TARS.LED - INFO - 🔴 Power LED: OFF
🔴 LED power apagado
(tars_venv) tarsadmin@tarspi:~/tars_files $
